[   0.000000] Initializing cgroup subsys cpuset
[    0.000000] Initializing cgroup subsys cpu
[    0.00000] Initializing cgroup subsys cpuacct
[    0.0000Linuxveio 4.013-ger (buildd@lcy01-amd64-006) (gcc version 5.4.0 20160609 (Ubuntu 5.4.0-6ubuntu1~16.04.10) ) #165-Ubuntu SMP Wed Oct 24 10:58:50 UTC 2018 (Ubuntu 4.4.0-139.165-generic 4.4.160)
[    0.000000] Command line: BOOT_IMAGE=/boot/vmlinuz-4.4.0-139-generic root=LABEL=cloudimg-rootfs ro console=tty1 console=ttyS0
[    0.000000] KERNEL supported cpus:
[    0.000000]   Intel GenuineIntel
[    0.000000]   AMD AuthenticAMD
[    0.000000]   Centaur CentaurHauls
[    0.000000] x86/fpu: xstate_offset[2]:  576, xstate_sizes[2]:  256
[    0.000000] x86/fpu: Supporting XSAVE feature 0x01: 'x87 floating point registers'
[    0.000000] x86/fpu: Supporting XSAVE feature 0x02: 'SSE registers'
[    0.000000] x86/fpu: Supporting XSAE atur0x: 'A risters'
[    0.000000] x86/fpu: Enabled xstate features 0x7, context size is 832 bytes, using 'standard' format.
[    0.000000] e820: BIOS-provided physical RAM map:
[    0.000000] BIOS-e820: [mem 0x0000000000000000-0x000000000009fbff] usable
[    0.000000] BIOS-e820: [mem 0x000000000009fc00-0x000000000009ffff] reserved
[    0.000000] BIOS-e820: [mem 0x00000000000f0000-0x00000000000fffff] reserved
[    0.000000] BIOS-e820: [mem 0x0000000000100000-0x000000003ffeffff] usable
[    0.000000] BIOS-e820: [mem 0x000000003fff0000-0x000000003fffffff] ACPI data
[    0.000000] BIOS-e820: [mem 0x00000000fec00000-0x00000000fec00fff] reserved
[    0.000000] BIOS-e820: [mem 0x00000000fee00000-0x00000000fee00fff] reserved
[    0.000000] BIOS-e820: [mem 0x00000000fffc0000-0x00000000ffffffff] reserved
[    0.000000] NX (Execute Disable) protection: active
[    0.000000] SMBIOS 2.5 present.
[    0.000000] Hypervisor detected: KVM
[    0.000000] e820: last_pfn = 0x3fff0 max_arch_pfn = 0x400000000
[    0.000000] MTRR: Disabled
[    0.000000] x86/PAT: MTRRs disabled, skipping PAT initialization too.
[    0.000000] CPU MTRRs all blank - virtualized system.
[    0.000000] x86/PAT: Configraon [7]WB  T C-UC WBWT UC-C 
[    0.000000] found SMP MP-table at [mem 0x0009fff0-0x0009ffff] mapped at [ffff88000009fff0]
[    0.000000] Scanning 1 areas for low memory corruption
[    0.000000] RAMDISK: [mem 0x3630c000-0x3717dfff]
[    0.000000] ACPI: Early table checksum verification disabled
[    0.000000] ACPI: RSDP 0x00000000000E0000 000024 (v02 VBOX  )
[    0.000000] ACPI: XSDT 0x000000003FFF0030 00003C (v01 VBOX   VBOXXSDT 000001 ASL  00000061)
[  0.000000] ACPI: FACP 0x000000003FFF00F0 0000F4 (v04 VBOX   VBOXFACP 00000001 ASL  00000061)
[    0.000000] ACPI: DSDT 0x00000003F00 002F 02 VBX VBXBIS 00000 ITL 0100528)
[   .0000] ACPI: FACS 0x000003FF0200 000040
[    0.000000] ACPI: FACS 0x000000003FFF020 0040
[    0.000000] ACPI: APIC 0x000000003FFF0240 00005C (v02 VBOX   VBOXAPIC 00000001 ASL  00000061)
[    0.000]AC: DT 0x000000003FFF02A0 0001CC (v01 VBOX   VBOXCPUT 00000002 INTL 20100528)
[    0.000000] No NUMA configuatiofound
[    0.00000] Fakg a nod at [mem 0x0000000000000000-0x000000003ffeffff]
[    .000000] NODE_DATA(0) allocated [mem 0x3ffeb000-0x3ffeffff]
[    0.000000] kvm-clock: Using msrs 4b54d01 and 4b564d00
[    0.000000] kvm-clock: cpu  msr 0:3ffe3001, primary cpu clock
[    0.000000] kvm-lock: using sched offset of 3174288145 cycles
[    0.000000] clocksorc: kvm-clock: mask: 0xfffffffffffffff max_cycles: 0x1cd42e4dffb, max_idle_ns: 881590591483 ns
[    0.000000] Zone ranges:
[    0.000000]   DMA      [mem 0x0000000000001000-0x0000000000ffffff]
[    0.000000]   DMA32    [mem 0x0000000001000000-0x000000003ffeff]
[    0.000000]   Normal   empty
[    0.000000]   Device   empty
[    0.000000] Movable zone start for each node
[    0.000000] Early memory node rnges[  0.0000]   node   0: [mem 0x0000000000001000-0x000000000009efff]
[    00000]   noe  0 [mem 0x000000000010000-0x000000003fffff]
[    0.00000 Initmem setup node 0 [mem 0x0000000000001000-0x000000003ffeffff]
[    0.000000] ACPI: PM-Timer IO Port: 0x4008
[    0.000000] IOAPIC[0]: apic_id 2, version 32, address 0xfec00000, GSI 0-23
[    0.000000] ACPI: INT_SRC_OVR (bus 0 bs_irq 0 global_irq 2 dfl dfl)
[    0.000000] ACPI: INT_SRC_OVR (bus 0 bus_irq 9 global_irq 9 low level)
[    0.000000] Using ACPI (MADT) for SMP configuration information
[    0.000000] smpboot: Allowing 2 CPUs, 0 hotplug CPUs
[    0.000000] PM: Registered nosave memory: [mem 0x00000000-0x00000fff]
[    0.000000] PM: Registered nosave memory: [mem 0x0009f000-0x0009ffff]
[   0.000000] PM: Registered nosave memory: [mem 0x000a0000-0x000efff
[    0.000000] PM: Registered nosave memory: [mem 0x000f0000-0x000fffff]
[    0.000000] e820: [mem 0x40000000-0xfebfffff] available for PCI devices
[    0.000000] Booting paravirtualized kernel on KVM
[    0.000000] clocksource: refined-jiffies: mask: 0xffffffff max_cycles: 0xffffffff, max_idle_ns: 7645519600211568 ns
[    0.000000] setup_percpu: NR_CPUS:512 nr_cpumask_bits:512 nr_cpu_ids:2 nr_node_ids:1
[    0.000000] PERCPU: Embedded 34 pages/cpu @ffff88003fc00000 s99608 r8192 d31464 u1048576
[    0.000000] PV qspinlock hash table entries: 256 (order: 0, 4096 bytes)
[    0.000000] Built 1 zonelists in Node order, mobility grouping on.  Total pages: 257912
[    0.000000] Policy zone: DMA32
[    0.000000] Kernel command line: BOOT_IMAGE=/boot/vmlinuz-4.4.0-139-generic root=LABEL=cloudimg-rootfs ro console=tty1 console=ttyS0
[    0.000000] PID hash table entries: 4096 (order: 3, 32768 bytes)
[    0.000000] Memory: 997712K/1048120K available (8564K kernel code, 1314K rwdata, 4004K rodata, 1528K init, 1316K bss, 50408K reserved, 0K cma-reserved)
[    0.000000] SLUB: HWalign=64, Order=0-3, MinObjects=0, CPUs=2, Nodes=1
[    0.000000] Kernel/User page tables isolation: enabled
[    0.000000] Hierarchical RCU implementation.
[    0.000000] 	Build-time adjustment of leaf fanout to 64.
[    0.000000] 	RCU restricting CPUs from NR_CPUS=512 to nr_cpu_ids=2.
[    0.000000] RCU: Adjusting geometry for rcu_fanout_leaf=64, nr_cpu_ids=2
[    0.000000] NR_IRQS:33024 nr_irqs:440 16
[    0.000000] Console: colour VGA+ 80x25
[    0.000000] console [tty1] enabled
[    0.000000] console [ttyS0] enabled
[    0.000000] tsc: Detected 2904.002 MHz processor
[    2.080738] Calibrating delay loop (skipped) preset value.. 5808.00 BogoMIPS (lpj=11616008)
[    2.100626] pid_max: default: 32768 minimum: 301
[    2.105800] ACPI: Core revision 20150930
[    2.107391] ACPI: 2 ACPI AML tables successfully acquired and loaded
[    2.108616] Security Framework initialized
[    2.109404] Yama: becoming mindful.
[    2.110134] AppArmor: AppArmor initialized
[    2.111002] Dentry cache hash table entries: 131072 (order: 8, 1048576 bytes)
[    2.112922] Inode-cache hash table entries: 65536 (order: 7, 524288 bytes)
[    2.114202] Mount-cache hash table entries: 2048 (order: 2, 16384 bytes)
[    2.121346] Mountpoint-cache hash table entries: 2048 (order: 2, 16384 bytes)
[    2.122654] Initializing cgroup subsys io
[    2.123469] Initializing cgroup subsys memory
[    2.124306] Initializing cgroup subsys devices
[    2.125170] Initializing cgroup subsys freezer
[    2.126062] Initializing cgroup subsys net_cls
[    2.126894] Initializing cgroup subsys perf_event
[    2.127789] Initializing cgroup subsys net_prio
[    2.128641] Initializing cgroup subsys hugetlb
[    2.129528] Initializing cgroup subsys pids
[    2.131396] mce: CPU supports 0 MCE banks
[    2.132232] Last level iTLB entries: 4KB 64, 2MB 8, 4MB 8
[    2.133219] Last level dTLB entries: 4KB 64, 2MB 0, 4MB 0, 1GB 4
[    2.134252] Spectre V2 : Mitigation: Full generic retpoline
[    2.135223] Spectre V2 : Spectre v2 mitigation: Speculation control IBPB not-supported IBRS not-supported
[    2.136743] Spectre V2 : Spectre v2 / SpectreRSB mitigation: Filling RSB on context switch
[    2.138652] Speculative Store Bypass: Vulnerable
[    2.150330] Freeing SMP alternatives memory: 32K
[    2.165753] ftrace: allocating 32278 entries in 127 pages
[    2.220451] smpboot: APIC(0) Converting physical 0 to logical package 0
[    2.222028] smpboot: Max logical packages: 1
[    2.223330] x2apic enabled
[    2.224343] Switched APIC routing to physical x2apic.
[    2.239234] ..TIMER: vector=0x30 apic1=0 pin1=2 apic2=-1 pin2=-1
[    2.348989] smpboot: CPU0: Intel(R) Core(TM) i7-7820HQ CPU @ 2.90GHz (family: 0x6, model: 0x9e, stepping: 0x9)
[    2.351165] Performance Events: unsupported p6 CPU model 158 no PMU driver, software events only.
[    2.352945] KVM setup paravirtual spinlock
[    2.354332] x86: Booting SMP configuration:
[    2.355178] .... node  #0, CPUs:      #1
[    2.362866] kvm-clock: cpu 1, msr 0:3ffe3041, secondary cpu clock
[    2.364768] mce: CPU supports 0 MCE banks
[    2.386627] x86: Booted up 1 node, 2 CPUs
[    2.387779] smpboot: Total of 2 processors activated (11616.00 BogoMIPS)
[    2.390640] devtmpfs: initialized
[    2.392885] evm: security.selinux
[    2.393691] evm: security.SMACK64
[    2.394384] evm: security.SMACK64EXEC
[    2.395119] evm: security.SMACK64TRANSMUTE
[    2.395905] evm: security.SMACK64MMAP
[    2.396647] evm: security.ima
[    2.397295] evm: security.capability
[    2.398182] clocksource: jiffies: mask: 0xffffffff max_cycles: 0xffffffff, max_idle_ns: 7645041785100000 ns
[    2.401022] futex hash table entries: 512 (order: 3, 32768 bytes)
[    2.402176] pinctrl core: initialized pinctrl subsystem
[    2.403217] RTC time: 19:23:46, date: 11/28/18
[    2.404205] NET: Registered protocol family 16
[    2.416857] cpuidle: using governor ladder
[    2.430174] cpuidle: using governor menu
[    2.438807] PCCT header not found.
[    2.447334] ACPI: bus type PCI registered
[    2.449886] acpiphp: ACPI Hot Plug PCI Controller Driver version: 0.5
[    2.545498] PCI: Using configuration type 1 for base access
[    2.602699] ACPI: Added _OSI(Module Device)
[    2.606959] ACPI: Added _OSI(Processor Device)
[    2.607901] ACPI: Added _OSI(3.0 _SCP Extensions)
[    2.629132] ACPI: Added _OSI(Processor Aggregator Device)
[    2.676875] ACPI: Executed 1 blocks of module-level executable AML code
[    2.750764] ACPI: Interpreter enabled
[    2.841367] ACPI: (supports S0 S5)
[    2.894766] ACPI: Using IOAPIC for interrupt routing
[    2.977033] PCI: Using host bridge windows from ACPI; if necessary, use "pci=nocrs" and report a bug
[    3.016126] ACPI: PCI Root Bridge [PCI0] (domain 0000 [bus 00-ff])
[    3.053222] acpi PNP0A03:00: _OSC: OS supports [ASPM ClockPM Segments MSI]
[    3.133597] acpi PNP0A03:00: _OSC: not requesting OS control; OS requires [ExtendedConfig ASPM ClockPM MSI]
[    3.161373] acpi PNP0A03:00: fail to add MMCONFIG information, can't access extended PCI configuration space under this bridge.
[    3.251183] PCI host bridge to bus 0000:00
[    3.252019] pci_bus 0000:00: root bus resource [io  0x0000-0x0cf7 window]
[    3.253231] pci_bus 0000:00: root bus resource [io  0x0d00-0xffff window]
[    3.254368] pci_bus 0000:00: root bus resource [mem 0x000a0000-0x000bffff window]
[    3.255992] pci_bus 0000:00: root bus resource [mem 0x40000000-0xfdffffff window]
[    3.257752] pci_bus 0000:00: root bus resource [bus 00-ff]
[    3.268154] pci 0000:00:01.1: legacy IDE quirk: reg 0x10: [io  0x01f0-0x01f7]
[    3.269938] pci 0000:00:01.1: legacy IDE quirk: reg 0x14: [io  0x03f6]
[    3.309149] pci 0000:00:01.1: legacy IDE quirk: reg 0x18: [io  0x0170-0x0177]
[    3.354614] pci 0000:00:01.1: legacy IDE quirk: reg 0x1c: [io  0x0376]
[    3.377893] pci 0000:00:07.0: quirk: [io  0x4000-0x403f] claimed by PIIX4 ACPI
[    3.413204] pci 0000:00:07.0: quirk: [io  0x4100-0x410f] claimed by PIIX4 SMB
[    3.437305] ACPI: PCI Interrupt Link [LNKA] (IRQs 5 9 10 *11)
[    3.445301] ACPI: PCI Interrupt Link [LNKB] (IRQs 5 9 *10 11)
[    3.446804] ACPI: PCI Interrupt Link [LNKC] (IRQs 5 *9 10 11)
[    3.450139] ACPI: PCI Interrupt Link [LNKD] (IRQs 5 9 10 *11)
[    3.451624] ACPI: Enabled 2 GPEs in block 00 to 07
[    3.493063] vgaarb: setting as boot device: PCI:0000:00:02.0
[    3.523429] vgaarb: device added: PCI:0000:00:02.0,decodes=io+mem,owns=io+mem,locks=none
[    3.554500] vgaarb: loaded
[    3.555277] vgaarb: bridge control possible 0000:00:02.0
[    3.556409] SCSI subsystem initialized
[    3.557574] ACPI: bus type USB registered
[    3.575850] usbcore: registered new interface driver usbfs
[    3.576827] usbcore: registered new interface driver hub
[    3.577783] usbcore: registered new device driver usb
[    3.579596] PCI: Using ACPI for IRQ routing
[    3.580592] NetLabel: Initializing
[    3.581337] NetLabel:  domain hash size = 128
[    3.582214] NetLabel:  protocols = UNLABELED CIPSOv4
[    3.583138] NetLabel:  unlabeled traffic allowed by default
[    3.584395] amd_nb: Cannot enumerate AMD northbridges
[    3.643381] clocksource: Switched to clocksource kvm-clock
[   .6336] AppArmor: AppArmor Filesystem Enabled
[    3.818920] pnp: PnP ACPI init
[    3.820256] pnp: PnP ACPI: found 3 devices
[  3299] losoceaci_: ask:0xfffff max_cycles: 0xffffff, max_idle_ns: 205702ns
[  4012]ET Riseredrotolamy 

[    .0837 TCesblhehash tae trs:81 (der4, 65536 bytes)
[    5.779] TCbid hash table entries: 8192 (order: 5, 131072 bytes)
[    5.898160] TCP: Hash tables configured (established 8192 bind 8192)
[    5.899321] UDP hash table entries: 512 (order: 2, 16384 bytes)
[    5.900360] UDP-Lite hash table entries: 512 (order: 2, 16384 bytes)
[    5.901567] NET: Registered protocol family 1
[    5.902405] pci 0000:00:00.0: Limiting direct PCI/PCI transfers
[    5.903451] pci 0000:00:01.0: Activating ISA DMA hang workarounds
[    5.904622] Unpacking niam...
[    6.267296] Freeing initrd memory: 14792K
[    6.341268] platform rtc_cmos: registered platform RTC device (no PNP device found)
[    6.432439] Scanning for low memory corruption every 60 seconds
[    6.441301] audit: initializing netlink subsys (disabled)
[    6.466402] audit: type=2000 audit(1543433031.713:1): initialized
[    6.520112] Initialise system trusted keyring
[    6.554106] HugeTLB registered 2 MB page size, pre-allocated 0 pages
[    6.584155] zbud: loaded
[    6.585178] VFS: Disk quotas dquot_6.6.0
[    6.585952] VFS: Dquot-cache hash table entries: 512 (order 0, 4096 bytes)
[    6.587293] squashfs: version 4.0 (2009/01/31) Phillip Lougher
[    6.588740] fuse init (API version 7.23)
[    6.619762] Key type big_key registered
[    6.620538] Allocating IMA MOK and blacklist keyrings.
[    6.622526] Key type asymmetric registered
[    6.623329] Asymmetric key parser 'x509' registered
[    6.631118] Block layer SCSI generic (bsg) driver version 0.4 loaded (major 249)
[    6.652913] io scheduler noop registered
[    6.653760] io scheduler deadline registered (default)
[    6.654709] io scheduler cfq registered
[    6.655657] pci_hotplug: PCI Hot Plug PCI Core version: 0.5
[    6.669418] pciehp: PCI Express Hot Plug Controller Driver version: 0.4
[    6.678019] ACPI: AC Adapter [AC] (on-line)
[    6.678849] input: Power Button as /devices/LNXSYSTM:00/LNXPWRBN:00/input/input0
[    6.680456] ACPI: Power Button [PWRF]
[    6.681353] input: Sleep Button as /devices/LNXSYSTM:00/LNXSLPBN:00/input/input1
[    6.682802] ACPI: Sleep Button [SLPF]
[    6.684277] ACPI: Battery Slot [BAT0] (battery present)
[    6.685358] GHES: HEST is not enabled!
[    6.689550] virtio-pci 0000:00:03.0: virtio_pci: leaving for legacy driver
[    6.693933] Serial: 8250/16550 driver, 32 ports, IRQ sharing enabled
[    6.730411] 00:02: ttyS0 at I/O 0x3f8 (irq = 4, base_baud = 115200) is a 16550A
[    6.832163] Linux agpgart interface v0.103
[    6.849926] loop: module loaded
[    6.897953] scsi host0: ata_piix
[    6.898816] scsi host1: ata_piix
[    6.899500] ata1: PATA max UDMA/33 cmd 0x1f0 ctl 0x3f6 bmdma 0xd000 irq 14
[    6.900656] ata2: PATA max UDMA/33 cmd 0x170 ctl 0x376 bmdma 0xd008 irq 15
[    6.901959] libphy: Fixed MDIO Bus: probed
[    6.902842] tun: Universal TUN/TAP device driver, 1.6
[    6.905464] tun: (C) 1999-2004 Max Krasnyansky <maxk@qualcomm.com>
[    6.906905] PPP generic driver version 2.4.2
[    6.910414] ehci_hcd: USB 2.0 'Enhanced' Host Controller (EHCI) Driver
[    6.911883] ehci-pci: EHCI PCI platform driver
[    6.944810] ehci-platform: EHCI generic platform driver
[    7.010909] ohci_hcd: USB 1.1 'Open' Host Controller (OHCI) Driver
[    7.021246] ohci-pci: OHCI PCI platform driver
[    7.022129] ohci-platform: OHCI generic platform driver
[    7.023051] uhci_hcd: USB Universal Host Controller Interface driver
[    7.024230] i8042: PNP: PS/2 Controller [PNP0303:PS2K,PNP0f03:PS2M] at 0x60,0x64 irq 1,12
[    7.026283] serio: i8042 KBD port at 0x60,0x64 irq 1
[    7.027169] serio: i8042 AUX port at 0x60,0x64 irq 12
[    7.028225] mousedev: PS/2 mouse device common for all mice
[    7.032232] rtc_cmos rtc_cmos: rtc core: registered rtc_cmos as rtc0
[    7.100426] rtc_cmos rtc_cmos: alarms up to one day, 114 bytes nvram
[    7.290225] i2c /dev entries driver
[    7.291228] input: AT Translated Set 2 keyboard as /devices/platform/i8042/serio0/input/input2
[    7.373736] device-mapper: uevent: version 1.0.3
[    7.412378] device-mapper: ioctl: 4.34.0-ioctl (2015-10-28) initialised: dm-devel@redhat.com
[    7.424232] ledtrig-cpu: registered to indicate activity on CPUs
[    7.433882] tsc: Refined TSC clocksource calibration: 2903.276 MHz
[    7.434993] clocksource: tsc: mask: 0xffffffffffffffff max_cycles: 0x29d9599b89c, max_idle_ns: 440795216024 ns
[    7.435608] NET: Registered protocol family 10
[    7.435722] NET: Registered protocol family 17
[    7.435730] Key type dns_resolver registered
[    7.436983] registered taskstats version 1
[    7.436993] Loading compiled-in X.509 certificates
[    7.437456] Loaded X.509 cert 'Build time autogenerated kernel key: a88b0f663ecfd40e6a501dee2f0b211d51902e35'
[    7.437469] zswap: loaded using pool lzo/zbud
[    7.438579] Key type trusted registered
[    7.440365] Key type encrypted registered
[    7.440368] AppArmor: AppArmor sha1 policy hashing enabled
[    7.440370] ima: No TPM chip found, activating TPM-bypass!
[    7.440373] ima: Allocated hash algorithm: sha1
[    7.440382] evm: HMAC attrs: 0x1
[    7.440592]   Magic number: 10:973:395
[    7.440610] pci 0000:00:07.0: hash matches
[    7.441090] rtc_cmos rtc_cmos: setting system clock to 2018-11-28 19:23:51 UTC (1543433031)
[    7.441146] BIOS EDD facility v0.16 2004-Jun-25, 0 devices found
[    7.441146] EDD information not available.
[    7.545463] Freeing unused kernel memory: 1528K
[    8.116919] Write protecting the kernel read-only data: 14336k
[    8.560909] Freeing unused kernel memory: 1664K
[    8.562364] Freeing unused kernel memory: 92K
Loading, please [    8.609816] random: systemd-udevd: uninitialized urandom read (16 bytes read, 5 bits of entropy available)
wait...
starting version 229
[    8.610274] random: udevadm: uninitialized urandom read (16 bytes read, 5 bits of entropy available)
[    8.610287] random: udevadm: uninitialized urandom read (16 bytes read, 5 bits of entropy available)
[    8.617517] random: udevadm: uninitialized urandom read (16 bytes read, 5 bits of entropy available)
[    8.617581] random: udevadm: uninitialized urandom read (16 bytes read, 5 bits of entropy available)
[    8.617700] random: udevadm: uninitialized urandom read (16 bytes read, 5 bits of entropy available)
[    8.617737] random: udevadm: uninitialized urandom read (16 bytes read, 5 bits of entropy available)
[    8.617774] random: udevadm: uninitialized urandom read (16 bytes read, 5 bits of entropy available)
[    8.617813] random: udevadm: uninitialized urandom read (16 bytes read, 5 bits of entropy available)
[    8.617849] random: udevadm: uninitialized urandom read (16 bytes read, 5 bits of entropy available)
[    8.945678] Fusion MPT base driver 3.04.20
[    8.947815] Copyright (c) 1999-2008 LSI Corporation
[    8.954858] Fusion MPT SPI Host driver 3.04.20
[    8.966456] virtio_net virtio0 enp0s3: renamed from eth0
[    9.023953] mptbase: ioc0: Initiating bringup
[    9.040724] AVX2 version of gcm_enc/dec engaged.
[    9.050610] AES CTR mode by8 optimization enabled
[    9.096111] ioc0: LSI53C1030 A0: Capabilities={Initiator}
[   10.057017] input: ImExPS/2 Generic Explorer Mouse as /devices/platform/i8042/serio1/input/input4
[   10.397770] scsi host2: ioc0: LSI53C1030 A0, FwRev=00000000h, Ports=1, MaxQ=256, IRQ=20
[   10.512154] scsi 2:0:0:0: Direct-Access     VBOX     HARDDISK         1.0  PQ: 0 ANSI: 5
[   10.670109] scsi target2:0:0: Beginning Domain Validation
[   10.672057] scsi target2:0:0: Domain Validation skipping write tests
[   10.673173] scsi target2:0:0: Ending Domain Validation
[   10.674151] scsi target2:0:0: asynchronous
[   10.675427] scsi 2:0:1:0: Direct-Access     VBOX     HARDDISK         1.0  PQ: 0 ANSI: 5
[   10.677147] scsi target2:0:1: Beginning Domain Validation
[   10.678969] scsi target2:0:1: Domain Validation skipping write tests
[   10.680367] scsi target2:0:1: Ending Domain Validation
[   10.694846] scsi target2:0:1: asynchronous
[   11.095990] sd 2:0:0:0: Attached scsi generic sg0 type 0
[   11.154048] sd 2:0:1:0: Attached scsi generic sg1 type 0
[   11.154191] sd 2:0:0:0: [sda] 20971520 512-byte logical blocks: (10.7 GB/10.0 GiB)
[   11.195458] sd 2:0:1:0: [sdb] 20480 512-byte logical blocks: (10.5 MB/10.0 MiB)
[   11.197018] sd 2:0:0:0: [sda] Write Protect is off
[   11.198500] sd 2:0:0:0: [sda] Incomplete mode parameter data
[   11.199506] sd 2:0:0:0: [sda] Assuming drive cache: write through
[   11.200590] sd 2:0:1:0: [sdb] Write Protect is off
[   11.201693] sd 2:0:1:0: [sdb] Incomplete mode parameter data
[   11.279851] sd 2:0:1:0: [sdb] Assuming drive cache: write through
[   11.285253]  sda: sda1
[   11.286464] sd 2:0:0:0: [sda] Attached SCSI disk
[   11.505015] sd 2:0:1:0: [sdb] Attached SCSI disk
Begin: Loading e[   12.893833] md: linear personality registered for level -1
ssential drivers ... [   12.913741] md: multipath personality registered for level -4
[   12.916728] md: raid0 personality registered for level 0
[   13.019820] md: raid1 personality registered for level 1
[   13.183508] raid6: sse2x1   gen() 11537 MB/s
[   13.282890] raid6: sse2x1   xor()  7565 MB/s
[   13.447924] raid6: sse2x2   gen() 13657 MB/s
[   13.567598] raid6: sse2x2   xor()  9532 MB/s
[   13.679396] raid6: sse2x4   gen() 16159 MB/s
[   13.803833] raid6: sse2x4   xor() 10276 MB/s
[   13.883401] raid6: avx2x1   gen() 18591 MB/s
[   13.960233] raid6: avx2x2   gen() 24903 MB/s
[   14.036142] raid6: avx2x4   gen() 28268 MB/s
[   14.123817] raid6: using algorithm avx2x4 gen() 28268 MB/s
[   14.192728] raid6: using avx2x2 recovery algorithm
[   14.194679] xor: automatically using best checksumming function:
[   14.259387]    avx       : 25170.000 MB/sec
[   14.321068] async_tx: api initialized (async)
[   14.350627] md: raid6 personality registered for level 6
[   14.414338] md: raid5 personality registered for level 5
[   14.435154] md: raid4 personality registered for level 4
[   14.498224] md: raid10 personality registered for level 10
done.
Begin: Running /scripts/init-premount ... done.
Begin: M[   14.641760] Btrfs loaded
ounting root file system ... Begin: Running /scripts/local-top ... done.
Begin: Running /scripts/local-premount ... Scanning for Btrfs filesystems
done.
Warning: fsck not present, so skipping root file system
[   14.744365] EXT4-fs (sda1): mounted filesystem with ordered data mode. Opts: (null)
done.
Begin: Running /scripts/local-bottom ... done.
Begin: Running /scripts/init-bottom ... done.
[   14.824991] systemd[1]: systemd 229 running in system mode. (+PAM +AUDIT +SELINUX +IMA +APPARMOR +SMACK +SYSVINIT +UTMP +LIBCRYPTSETUP +GCRYPT +GNUTLS +ACL +XZ -LZ4 +SECCOMP +BLKID +ELFUTILS +KMOD -IDN)
[   14.947757] systemd[1]: Detected virtualization oracle.
[   15.030867] systemd[1]: Detected architecture x86-64.

Welcome to [1mUbuntu 16.04.5 LTS[0m!

[  11396 stemd[1]: Set hostname to <ubuntu>.

[   15.344081] systemd[1]: Initializing machine ID from random generator.
[   15.397332] systemd[1]: Installed transient /etc/machine-id file.
[   15.503067] systemd[1]: Reached target Swap.
[[0;32m  OK  [0m] Reached target Swap.
[   15.511738] systemd[1]: Listening on Syslog Socket.
[[0;32m  OK  [0m] Listening on Syslog Socket.
[   15.557348] systemd[1]: Listening on udev Kernel Socket.
[[0;32m  OK  [0m] Listening on udev Kernel Socket.
[ 15719908] syste[1 Srted Forward Password Requests to Wall Directory Watch.

[[0;32m  OK  [0m] Started Forward Password Requests to Wall Directory Watch.
[   15.986814] systemd[1]: Listening on Journal Audit Socket.
[[0;32m  OK  [0m] Listening on Journal Audit Socket.
[   15.994828] systemd[1]: Listening on Journal Socket (/dev/log).
[[0;32m  OK  [0m] Listening on Journal Socket (/dev/log).
[ 16.031755] systemd[1]: Listening on Jouna Sck.
[[0;32m  OK  [0m] Listening on Journal Socket.
[   16.261706] systemd[1]: Listening on /dev/initctl Compatibility Named Pipe.
[[0;32m  OK  [0m] Listening on /dev/initctl Compatibility Named Pipe.
[   16.321881] systemd[1]: Created slice System Slice.
[[0;32m  OK  [0m] Created slice System Slice.
[   16.344213] systemd[1]: Starting Journal Service...
         Starting Journal Service...
[   16.404219] systemd[1]: Starting Remount Root and Kernel File Systems...
         Starting Remount Root and Kernel File Systems...
[   16.407951] systemd[1]: Starting Nameserver information manager...
         Starting Nameserver information manager...
[   16.410982] systemd[1]: Mounting Huge Pages File System...
[   16.413027] EXT4-fs (sda1): re-mounted. Opts: (null)
         Mounting Huge Pages File System...
[   16.420338] systemd[1]: Mounting POSIX Message Queue File System...
         Mounting POSIX Message Queue File System...
[   16.523983] systemd[1]: Starting Uncomplicated firewall...
[   16.588389] random: nonblocking pool is initialized
         Starting Uncomplicated firewall...
[   16.593795] systemd[1]: Starting Load Kernel Modules...
         Starting Load Kernel Modules...
[   16.595877] systemd[1]: Listening on udev Control Socket.
[[0;32m  OK  [0m] Listening on udev Control Socket.
[   16.601983] systemd[1]: Starting Set console keymap...
         Starting Set console keymap...
[   16.604420] systemd[1]: Listening on LVM2 metadata daemon socket.
[[0;32m  OK  [0m] Listening on LVM2 metadata daemon socket.
[   16.607648] systemd[1]: Listening on LVM2 poll daemon socket.
[   16.608964] Loading iSCSI transport class v2.0-870.
[[0;32m  OK  [0m] Listening on LVM2 poll daemon socket.
[   16.610671] systemd[1]: Reached target User and Group Name Lookups.
[[0;32m  OK  [0m] Reached target User and Group Na[   16.618947] iscsi: registered transport (tcp)
me Lookups.
[   16.680518] systemd[1]: Created slice system-serial\x2dgetty.slice.
[[0;32m  OK  [0m] Created slice system-serial\x2dgetty.slice.
[   16.790076] systemd[1]: Set up automount Arbitrary Executable File Formats File System Automount Point.
[[0;32m  OK  [0m] Set up automount Arbitrary Executab...ats File System Automount Point.
[   16.802207] iscsi: registered transport (iser)
[   16.816350] systemd[1]: Starting Create list of required static device nodes for the current kernel...
         Starting Create list of required st... nodes for the current kernel...
[   17.020145] systemd[1]: Mounting Debug File System...
         Mounting Debug File System...
[   .018 ste[1]: Listening on Device-mapper vent daemon FIFOs.
[[0;32m  OK  [0m] Listening on Device-mapper event daemon FIFOs.
[  1.43541] ste[1 Racd rgetEnrypted Volumes
[[0;32m  OK  [0m] Reached target Encrypted Volumes.
[   18.097949] systemd[1]: Started Trigger resolvconf update for networkd DNS.
[[0;32m  OK  [0m] Started Trigger resolvconf update for networkd DNS.
[   18.244641] systemd[1]: Starting Monitoring of LVM2 mirrors, snapshots etc. using dmeventd or progress polling...
         Starting Monitoring of LVM2 mirrors... dmeventd or progress polling...
[   18.322645] systemd[1]: Created slice User and Session Slice.
[[0;32m  OK  [0m] Created slice User and Session Slice.
[   18.329708] systemd[1]: Reached target Slices.
[[0;32m  OK  [0m] Reached target Slices.
[   18.332156] systemd[1]: Reached target System Time Synchronized.
[[0;32m  OK  [0m] Reached target System Time Synchronized.
[   18.336147] systemd[1]: Mounted Debug File System.
[[0;32m  OK  [0m] Mounted Debug File System.
[   18.338162] systemd[1]: Mounted POSIX Message Queue File System.
[[0;32m  OK  [0m] Mounted POSIX Message Queue File System.
[   18.342483] systemd[1]: Mounted Huge Pages File System.
[[0;32m  OK  [0m] Mounted Huge Pages File System.
[   18.344592] systemd[1]: Started Journal Service.
[[0;32m  OK  [0m] Started Journal Service.
[[0;32m  OK  [0m] Started Remount Root and Kernel File Systems.
[[0;32m  OK  [0m] Started Uncomplicated firewall.
[[0;32m  OK  [0m] Started Load Kernel Modules.
[[0;32m  OK  [0m] Started Set console keymap.
[[0;32m  OK  [0m] Started Create list of required sta...ce nodes for the current kernel.
[[0;32m  OK  [0m] Started Nameserver information manager.
[[0;32m  OK  [0m] Started LVM2 metadata daemon.
         Starting Create Static Device Nodes in /dev...
         Starting Apply Kernel Variables...
         Mounting FUSE Control File System...
         Starting udev Coldplug all Devices...
         Starting Load/Save Random Seed...
         Starting Flush Journal to Persistent Storage...
[[0;32m  OK  [0m] Mounted FUSE Control File System.
[[0;32m  OK  [0m] Started Create Static Device Nodes in /dev.
[[0;32m  OK  [0m] Started Monitoring of LVM2 mirrors,...ng dmeventd or progress polling.
[[0;32m  OK  [0m] Started Apply Kernel Variables.
[[0;32m  OK  [0m] Started Load/Save Random Seed.
[[0;32m  OK  [0m] Started udev Coldplug all Devices.
[[0;32m  OK  [0m] Started Flush Journal to Persistent Storage.
[[0;32m  OK  [0m] Reached target Local File Systems (Pre).
[[0;32m  OK  [0m] Reached target Local File Systems.
         Starting Initial cloud-init job (pre-networking)...
         Starting Tell Plymouth To Write Out Runtime Data...
         Starting Create Volatile Files and Directories...
         Starting Set console font and keymap...
         Starting Commit a transient machine-id on disk...
         Starting LSB: AppArmor initialization...
         Starting udev Kernel Device Manager...
[[0;32m  OK  [0m] Started Tell Plymouth To Write Out Runtime Data.
[[0;32m  OK  [0m] Started Create Volatile Files and Directories.
[[0;32m  OK  [0m] Started Commit a transient machine-id on disk.
[[0;32m  OK  [0m] Started udev Kernel Device Manager.
[[0;32m  OK  [0m] Started Dispatch Password Requests to Console Directory Watch.
         Starting Update UTMP about System Boot/Shutdown...
[[0;32m  OK  [0m] Started Update UTMP about System Boot/Shutdown.
[[0;32m  OK  [0m] Found device /dev/ttyS0.
[[0;32m  OK  [0m] Listening on Load/Save RF Kill Switch Status /dev/rfkill Watch.
[   17.631625] cloud-init[460]: Cloud-init v. 18.4-0ubuntu1~16.04.2 running 'init-local' at Wed, 28 Nov 2018 19:24:04 +0000. Up 17.17 seconds.
[[0;32m  OK  [0m] Started Initial cloud-init job (pre-networking).
[[0;32m  OK  [0m] Started LSB: AppArmor initialization.
[[0;32m  OK  [0m] Reached target Network (Pre).
         Starting Raise network interfaces...
[[0;32m  OK  [0m] Started Set console font and keymap.
[[0;32m  OK  [0m] Created slice system-getty.slice.
[[0;32m  OK  [0m] Started Raise network interfaces.
         Starting Initial cloud-init job (metadata service crawler)...
[[0;32m  OK  [0m] Reached target Network.
[   19.660467] cloud-init[925]: Cloud-init v. 18.4-0ubuntu1~16.04.2 running 'init' at Wed, 28 Nov 2018 19:24:06 +0000. Up 18.93 seconds.
[   19.769156] cloud-init[925]: ci-info: ++++++++++++++++++++++++++++++++++++++Net device info++++++++++++++++++++++++++++++++++++++
[   19.889230] cloud-init[925]: ci-info: +--------+------+----------------------------+---------------+--------+-------------------+
[[0;32m  OK  [0m] Started Initial cloud-init job (metadata service crawler).
[   19.895994] cloud-init[925]: ci-info: | Device |  Up  |          Address           |      Mask     | Scope  |     Hw-Address    |
[   19.966643] cloud-init[925]: ci-info: +--------+------+----------------------------+---------------+--------+-------------------+
[   19.966766] cloud-init[925]: ci-info: | enp0s3 | True |         10.0.2.15          | 255.255.255.0 | global | 02:84:93:1d:32:86 |
[   19.966913] cloud-init[925]: ci-info: | enp0s3 | True | fe80::84:93ff:fe1d:3286/64 |       .       |  link  | 02:84:93:1d:32:86 |
[   19.967071] cloud-init[925]: ci-info: |   lo   | True |         127.0.0.1          |   255.0.0.0   |  host  |         .         |
[   19.967161] cloud-init[925]: ci-info: |   lo   | True |          ::1/128           |       .       |  host  |         .         |
[   19.967437] cloud-init[925]: ci-info: +--------+------+----------------------------+---------------+--------+-------------------+
[[0;32m  OK  [0m] Reached target System Initialization.
         [   19.967620] cloud-init[925]: ci-info: +++++++++++++++++++++++++++Route IPv4 info++++++++++++++++++++++++++++
[   20.031050] cloud-init[925]: ci-info: +-------+-------------+----------+---------------+-----------+-------+
[   20.031306] cloud-init[925]: ci-info: | Route | Destination | Gateway  |    Genmask    | Interface | Flags |
Starting Socket activation for snappy daemon.
[[   20.031518] cloud-init[925]: ci-info: +-------+-------------+----------+---------------+-----------+-------+
[   20.130238] cloud-init[925]: ci-info: |   0   |   0.0.0.0   | 10.0.2.2 |    0.0.0.0    |   enp0s3  |   UG  |
[0;32m  OK  [0m] Started Daily apt download activities.
[[   20.130452] cloud-init[925]: ci-info: |   1   |   10.0.2.0  | 0.0.0.0  | 255.255.255.0 |   enp0s3  |   U   |
[   20.268737] cloud-init[925]: ci-info: +-------+-------------+----------+---------------+-----------+-------+
[   20.268823] cloud-init[925]: ci-info: +++++++++++++++++++Route IPv6 info+++++++++++++++++++
[   20.268940] cloud-init[925]: ci-info: +-------+-------------+---------+-----------+-------+
[   20.269061] cloud-init[925]: ci-info: | Route | Destination | Gateway | Interface | Flags |
[   20.269348] cloud-init[925]: ci-info: +-------+-------------+---------+-----------+-------+
[   20.269461] cloud-init[925]: ci-info: |   0   |  fe80::/64  |    ::   |   enp0s3  |   U   |
[   20.269580] cloud-init[925]: ci-info: |   3   |   ff00::/8  |    ::   |   enp0s3  |   U   |
[   20.269711] cloud-init[925]: ci-info: +-------+-------------+---------+-----------+-------+
[   20.269860] cloud-init[925]: Generating public/private rsa key pair.
[   20.269951] cloud-init[925]: Your identification has been saved in /etc/ssh/ssh_host_rsa_key.
[   20.270066] cloud-init[925]: Your public key has been saved in /etc/ssh/ssh_host_rsa_key.pub.
[   20.270233] cloud-init[925]: The key fingerprint is:
[   20.270347] cloud-init[925]: SHA256:rnuEKe1giTkE7/c3bC6xpM4pu8Tf7N0YrhSvl6wT91c root@ubuntu-xenial
[   20.270466] cloud-init[925]: The key's randomart image is:
[   20.270586] cloud-init[925]: +---[RSA 2048]----+
[   20.270755] cloud-init[925]: |                 |
[   20.270868] cloud-init[925]: |.                |
[   20.270986] cloud-init[925]: | o               |
[   20.271105] cloud-init[925]: |  o              |
[   20.271285] cloud-init[925]: | o o o.oS        |
[   20.271394] cloud-init[925]: | .= * B+o     E  |
[   20.271513] cloud-init[925]: |  o+ B.O+o   .   |
[   20.271647] cloud-init[925]: | ..o.=*=X+. .    |
[   20.271754] cloud-init[925]: |  o==.X%=...     |
[   20.271872] cloud-init[925]: +----[SHA256]-----+
[   20.271992] cloud-init[925]: Generating public/private dsa key pair.
[   20.272282] cloud-init[925]: Your identification has been saved in /etc/ssh/ssh_host_dsa_key.
[   20.272398] cloud-init[925]: Your public key has been saved in /etc/ssh/ssh_host_dsa_key.pub.
[   20.272515] cloud-init[925]: The key fingerprint is:
[   20.272668] cloud-init[925]: SHA256:F700CJ8Shku2QPF0PqgKQNJvjKyHT0XMSr0DsF1/0w0 root@ubuntu-xenial
[   20.272806] cloud-init[925]: The key's randomart image is:
[   20.272924] cloud-init[925]: +---[DSA 1024]----+
[   20.273043] cloud-init[925]: |o+ =+...= E      |
[   20.273206] cloud-init[925]: |oo+.*++= = *     |
[   20.273418] cloud-init[925]: |oo.B =+o* * =    |
[   20.273641] cloud-init[925]: |. + B.o. + o o   |
[0;32m  OK  [0m] Listening on ACPID Listen Socket.
[   20.273925] cloud-init[925]: |.o o..  S . .    |
[   20.568256] cloud-init[925]: |o.o.     .       |
[   20.568525] cloud-init[925]: | +.              |
[[0;32m  OK  [0m] Started Daily apt upgrade and clean activities.
[   20.568896] cloud-init[925]: |  .              |
[   20.665774] cloud-init[925]: |                 |
[   20.665966] cloud-init[925]: +----[SHA256]-----+
[   20.666154] cloud-init[925]: Generating public/private ecdsa key pair.
[   20.666336] cloud-init[925]: Your identification has been saved in /etc/ssh/ssh_host_ecdsa_key.
[   20.666528] cloud-init[925]: Your public key has been saved in /etc/ssh/ssh_host_ecdsa_key.pub.
[   20.666727] cloud-init[925]: The key fingerprint is:
[   20.666913] cloud-init[925]: SHA256:fOHcO62rFbHNrfZzNcF1AzfpYaFlfcNfuUcXgtqE+Ks root@ubuntu-xenial
[   20.667082] cloud-init[925]: The key's randomart image is:
[   20.667246] cloud-init[925]: +---[ECDSA 256]---+
[   20.667416] cloud-init[925]: |        . . .ooB*|
[   20.667598] cloud-init[925]: |       . . o  *OX|
[   20.667802] cloud-init[925]: |        . = ..+.%|
[   20.667979] cloud-init[925]: |       . = + = *o|
[   20.668366] cloud-init[925]: |        S = + o +|
[   20.668542] cloud-init[925]: |         o   + o.|
[   20.668735] cloud-init[925]: |        .   + + o|
[   20.668922] cloud-init[925]: |       E   . + o.|
[   20.669097] cloud-init[925]: |          ..o.  +|
[   20.669295] cloud-init[925]: +----[SHA256]-----+
[   20.669473] cloud-init[925]: Generating public/private ed25519 key pair.
[   20.669678] cloud-init[925]: Your identification has been saved in /etc/ssh/ssh_host_ed25519_key.
[   20.669857] cloud-init[925]: Your public key has been saved in /etc/ssh/ssh_host_ed25519_key.pub.
[   20.670039] cloud-init[925]: The key fingerprint is:
[   20.670245] cloud-init[925]: SHA256:VS/sF7ElFWu2sfGQIolAwKOnx21hv3g3ZT22DLGbcZE root@ubuntu-xenial
[   20.670481] cloud-init[925]: The key's randomart image is:
[   20.670644] cloud-init[925]: +--[ED25519 256]--+
[   20.670831] cloud-init[925]: |   ..oo     . oo+|
[   20.671006] cloud-init[925]: |    o  . . + . *.|
[   20.671198] cloud-init[925]: |   . .  . + + *B |
[   20.671373] cloud-init[925]: |  . . o  . o.oEo*|
[   20.671551] cloud-init[925]: |   + o oS   .+.+.|
[   20.671761] cloud-init[925]: |  . o o .   *.=  |
[   20.671933] cloud-init[925]: |   . . . . o O o |
[   20.672308] cloud-init[925]: |      . o o o o  |
[   20.672667] cloud-init[925]: |       . . .     |
[   20.672870] cloud-init[925]: +----[SHA256]-----+
[[0;32m  OK  [0m] Listening on UUID daemon activation socket.
[[0;32m  OK  [0m] Listening on D-Bus System Message Bus Socket.
[[0;32m  OK  [0m] Started ACPI Events Check.
[[0;32m  OK  [0m] Reached target Paths.
[[0;32m  OK  [0m] Started Daily Cleanup of Temporary Directories.
[[0;32m  OK  [0m] Reached target Timers.
         Starting LXD - unix socket.
[[0;32m  OK  [0m] Reached target Network is Online.
         Starting iSCSI initiator daemon (iscsid)...
[[0;32m  OK  [0m] Reached target Cloud-config availability.
[[0;32m  OK  [0m] Listening on Socket activation for snappy daemon.
[[0;32m  OK  [0m] Listening on LXD - unix socket.
[[0;32m  OK  [0m] Reached target Sockets.
[[0;32m  OK  [0m] Reached target Basic System.
         Starting LSB: Record successful boot for GRUB...
[[0;32m  OK  [0m] Started FUSE filesystem for LXC.
         Starting Pollinate to seed the pseudo random number generator...
         Starting /etc/rc.local Compatibility...
         Starting LSB: MD monitoring daemon...
         Starting LXD - container startup/shutdown...
[[0;32m  OK  [0m] Started Deferred execution scheduler.
         Starting System Logging Service...
[[0;32m  OK  [0m] Started ACPI event daemon.
[[0;32m  OK  [0m] Started D-Bus System Message Bus.
         Starting Accounts Service...
[[0;32m  OK  [0m] Started Regular background program processing daemon.
[[0;32m  OK  [0m] Started Unattended Upgrades Shutdown.
         Starting Login Service...
         Starting Virtualbox guest utils...
         Starting Snappy daemon...
[[0;32m  OK  [0m] Started System Logging Service.
[[0;32m  OK  [0m] Started iSCSI initiator daemon (iscsid).
[[0;32m  OK  [0m] Started /etc/rc.local Compatibility.
[[0;32m  OK  [0m] Started LXD - container startup/shutdown.
[[0;32m  OK  [0m] Started LSB: Record successful boot for GRUB.
[[0;32m  OK  [0m] Started LSB: MD monitoring daemon.
[[0;32m  OK  [0m] Started Login Service.
         Starting Authenticate and Authorize Users to Run Privileged Tasks...
         Starting Login to default iSCSI targets...
[[0;32m  OK  [0m] Started Virtualbox guest utils.
[[0;32m  OK  [0m] Started Authenticate and Authorize Users to Run Privileged Tasks.
[[0;32m  OK  [0m] Started Snappy daemon.
[[0;32m  OK  [0m] Started Login to default iSCSI targets.
[[0;32m  OK  [0m] Started Accounts Service.
[[0;32m  OK  [0m] Reached target Remote File Systems (Pre).
[[0;32m  OK  [0m] Reached target Remote File Systems.
         Starting LSB: Set the CPU Frequency Scaling governor to "ondemand"...
         Starting Permit User Sessions...
         Starting LSB: automatic crash report generation...
         Starting LSB: daemon to balance interrupts for SMP systems...
         Starting Wait until snapd is fully seeded...
[[0;32m  OK  [0m] Started Permit User Sessions.
[[0;32m  OK  [0m] Started LSB: Set the CPU Frequency Scaling governor to "ondemand".
         Starting Terminate Plymouth Boot Screen...
         Starting Hold until boot process finishes up...
[[0;32m  OK  [0m] Started LSB: automatic crash report generation.
[[0;32m  OK  [0m] Started Pollinate to seed the pseudo random number generator.
[[0;32m  OK  [0m] Started LSB: daemon to balance interrupts for SMP systems.
[[0;32m  OK  [0m] Started Terminate Plymouth Boot Screen.
[[0;32m  OK  [0m] Started Hold until boot process finishes up.
         Starting Set console scheme...
[[0;32m  OK  [0m] Started Getty on tty1.
[[0;32m  OK  [0m] Started Serial Getty on ttyS0.
[[0;32m  OK  [0m] Reached target Login Prompts.
         Starting OpenBSD Secure Shell server...
[[0;32m  OK  [0m] Started Set console scheme.
[[0;32m  OK  [0m] Started OpenBSD Secure Shell server.
[[0;32m  OK  [0m] Created slice User Slice of vagrant.
         Starting User Manager for UID 1000...
[[0;32m  OK  [0m] Started User Manager for UID 1000.
[[0;32m  OK  [0m] Started Session 1 of user vagrant.
[[0;32m  OK  [0m] Started Wait until snapd is fully seeded.
         Starting Apply the settings specified in cloud-config...
[[0;32m  OK  [0m] Reached target Multi-User System.
[[0;32m  OK  [0m] Reached target Graphical Interface.
         Starting Update UTMP about System Runlevel Changes...
[[0;32m  OK  [0m] Started Update UTMP about System Runlevel Changes.
[   27.840999] cloud-init[1436]: Generating locales (this might take a while)...
         Stopping User Manager for UID 1000...
[[0;32m  OK  [0m] Stopped User Manager for UID 1000.
[[0;32m  OK  [0m] Removed slice User Slice of vagrant.
[[0;32m  OK  [0m] Created slice User Slice of vagrant.
         Starting User Manager for UID 1000...
[[0;32m  OK  [0m] Started User Manager for UID 1000.
[   28.623316] cloud-init[1436]:   en_US.UTF-8... done
[   28.623804] cloud-init[1436]: Generation complete.
[   28.891524] cloud-init[1436]: Cloud-init v. 18.4-0ubuntu1~16.04.2 running 'modules:config' at Wed, 28 Nov 2018 19:24:15 +0000. Up 27.75 seconds.
ci-info: no authorized ssh keys fingerprints found for user ubuntu.
<14>Nov 28 19:24:16 ec2: 
<14>Nov 28 19:24:16 ec2: #############################################################
<14>Nov 28 19:24:16 ec2: -----BEGIN SSH HOST KEY FINGERPRINTS-----
<14>Nov 28 19:24:16 ec2: 1024 SHA256:F700CJ8Shku2QPF0PqgKQNJvjKyHT0XMSr0DsF1/0w0 root@ubuntu-xenial (DSA)
<14>Nov 28 19:24:16 ec2: 256 SHA256:fOHcO62rFbHNrfZzNcF1AzfpYaFlfcNfuUcXgtqE+Ks root@ubuntu-xenial (ECDSA)
<14>Nov 28 19:24:16 ec2: 256 SHA256:VS/sF7ElFWu2sfGQIolAwKOnx21hv3g3ZT22DLGbcZE root@ubuntu-xenial (ED25519)
<14>Nov 28 19:24:16 ec2: 2048 SHA256:rnuEKe1giTkE7/c3bC6xpM4pu8Tf7N0YrhSvl6wT91c root@ubuntu-xenial (RSA)
<14>Nov 28 19:24:16 ec2: -----END SSH HOST KEY FINGERPRINTS-----
<14>Nov 28 19:24:16 ec2: #############################################################
-----BEGIN SSH HOST KEY KEYS-----
ecdsa-sha2-nistp256 AAAAE2VjZHNhLXNoYTItbmlzdHAyNTYAAAAIbmlzdHAyNTYAAABBBG1k85bM3lbDMG0/qcLA6I1uqmGp3OsPU9ts9e0nspaOeAk7AwvgF7rI2EGUdHalNJWC4iuvi4tEMw8EHeT4wRg= root@ubuntu-xenial
ssh-ed25519 AAAAC3NzaC1lZDI1NTE5AAAAIAIbw6pqy5O05QS4AXJx7mzhq/ti76HU8XCrDLp5SNYI root@ubuntu-xenial
ssh-rsa AAAAB3NzaC1yc2EAAAADAQABAAABAQDZwaRwYzgoPYIxiVGTPmaH7/V8PSxlQdd0kHVKdx2GpSEpmIMBBTHObx0ldG3D3OMWJ0DwmqEGA0t8LyEl6NzNTovlo1QkHVk/bbKtSpRLLuOsvaNKiJ7Mfs25uRg9kfueQwFl1Pwgfganv+HoOAuMIdZaDqj6V8Jqqu1ABv8To1W8jqyElxtxduWVhKneq4hCydEWd5qVdyn5mSOCGZvRBlveHlxSrrWeo9/yLnNV4bgtSLc8fEVdmlKzyS7Jf5jWkcXUY9PFWVMEStIFs2Gm1LeUIXyXa356UewM+rdty42V7WDFqzRAK7NOTyhiiYxcmbVZu/J/mNfUVIl17vuX root@ubuntu-xenial
-----END SSH HOST KEY KEYS-----
[   29.372579] cloud-init[1557]: Cloud-init v. 18.4-0ubuntu1~16.04.2 running 'modules:final' at Wed, 28 Nov 2018 19:24:16 +0000. Up 29.23 seconds.
[   29.372720] cloud-init[1557]: ci-info: no authorized ssh keys fingerprints found for user ubuntu.
[   29.372806] cloud-init[1557]: Cloud-init v. 18.4-0ubuntu1~16.04.2 finished at Wed, 28 Nov 2018 19:24:16 +0000. Datasource DataSourceNoCloud [seed=/dev/sdb][dsmode=net].  Up 29.36 seconds

Ubuntu 16.04.5 LTS ubuntu-xenial ttyS0

ubuntu-xenial login: 